// Jest Snapshot v1, https://goo.gl/fbAQLP

exports[`Basic reactml rendering array rendering 1`] = `
<div>
  <h4>
    Todo List
  </h4>
  <div>
    <div
      className="checkbox"
    >
      <label>
        <input
          checked={true}
          type="checkbox"
          value="get milk"
        />
        get milk
      </label>
    </div>
    <div
      className="checkbox"
    >
      <label>
        <input
          checked={true}
          type="checkbox"
          value="buy beans"
        />
        buy beans
      </label>
    </div>
    <div
      className="checkbox"
    >
      <label>
        <input
          checked={true}
          type="checkbox"
          value="grind beans"
        />
        grind beans
      </label>
    </div>
    <div
      className="checkbox"
    >
      <label>
        <input
          checked={false}
          type="checkbox"
          value="brew coffee"
        />
        brew coffee
      </label>
    </div>
    <div
      className="checkbox"
    >
      <label>
        <input
          checked={false}
          type="checkbox"
          value="boil milk"
        />
        boil milk
      </label>
    </div>
    <div
      className="checkbox"
    >
      <label>
        <input
          checked={false}
          type="checkbox"
          value="mix'em up"
        />
        mix'em up
      </label>
    </div>
    <div
      className="checkbox"
    >
      <label>
        <input
          checked={false}
          type="checkbox"
          value="enjoy"
        />
        enjoy
      </label>
    </div>
  </div>
</div>
`;
