// Jest Snapshot v1, https://goo.gl/fbAQLP

exports[`Uninterpreted props array rendering with uninterpreted props 1`] = `
<div>
  <h4>
    Todo List
  </h4>
  <div>
    <div>
      <input
        type="checkbox"
        value={true}
      />
      <span>
        get milk
      </span>
    </div>
    <div>
      <input
        type="checkbox"
        value={true}
      />
      <span>
        buy beans
      </span>
    </div>
    <div>
      <input
        type="checkbox"
        value={true}
      />
      <span>
        grind beans
      </span>
    </div>
    <div>
      <input
        type="checkbox"
        value={false}
      />
      <span>
        brew coffee
      </span>
    </div>
    <div>
      <input
        type="checkbox"
        value={false}
      />
      <span>
        boil milk
      </span>
    </div>
    <div>
      <input
        type="checkbox"
        value={false}
      />
      <span>
        mix'em up
      </span>
    </div>
    <div>
      <input
        type="checkbox"
        value={false}
      />
      <span>
        enjoy
      </span>
    </div>
  </div>
</div>
`;
