// Jest Snapshot v1, https://goo.gl/fbAQLP

exports[`Basic reactml rendering Invalid config file shows errors 1`] = `
<div>
  <h2>
     Invalid Spec 
  </h2>
  <pre>
    {"errors":[{"path":["components","view"],"msg":"Invalid spec, missing 'view' specification"}]}
    ;
  </pre>
</div>
`;

exports[`Basic reactml rendering Simple reactml renders correctly 1`] = `
<div>
  <span>
    hello world
  </span>
</div>
`;
